// Jest Snapshot v1, https://goo.gl/fbAQLP

exports[`<AdminAssign> should render component 1`] = `
<div
  class="cont"
>
  <div
    class="content-placeholder-results"
  >
    <h1>
      Assign Admin
    </h1>
    <div>
      <label>
        Enter Account Email: 
        <input
          id="emailInput"
          onChange={[Function]}
          type="email"
        />
      </label>
    </div>
    <div>
      <button
        className="action-button"
        onClick={[Function]}
        style={
          {
            "marginTop": "16px",
          }
        }
      >
        Assign Admin
      </button>
    </div>
  </div>
</div>
`;
