// Jest Snapshot v1, https://goo.gl/fbAQLP

exports[`<AdminResults> should render component 1`] = `
<div
  class="cont"
>
  <div
    class="content-placeholder-results"
  >
    <h1>
      Admin Results
    </h1>
    <div>
      <label>
        Enter Student Email: 
        <input
          onChange={[Function]}
          type="email"
          value=""
        />
      </label>
      <button
        className="action-button-results"
        onClick={[Function]}
      >
        Retrieve by Email
      </button>
    </div>
    <div>
      <label>
        Select a Program: 
        <select
          onChange={[Function]}
        >
          <option
            disabled={false}
            value=""
          >
            Please select a program name
          </option>
        </select>
      </label>
      <button
        className="action-button-results"
        disabled={true}
        onClick={[Function]}
      >
        Retrieve by Program Name
      </button>
    </div>
    <p>
      Please allow a few seconds for the download to start after clicking the button. If the download still does not start, please ensure that you have correctly entered the email or selected a program name.
    </p>
  </div>
</div>
`;
