// Jest Snapshot v1, https://goo.gl/fbAQLP

exports[`<AdminCreate> should render component 1`] = `
<div
  class="cont"
>
  <div
    class="content-placeholder-results"
  >
    <h1>
      Create New Program Groups
    </h1>
    <div>
      <label>
        Enter New Program Name: 
        <input
          onChange={[Function]}
          type="text"
          value=""
        />
      </label>
      <button
        className="action-button-results"
        onClick={[Function]}
      >
        Create New Program
      </button>
    </div>
  </div>
</div>
`;
