// Jest Snapshot v1, https://goo.gl/fbAQLP

exports[`<AdminPasswordReset> should render component 1`] = `
<div
  class="cont"
>
  <div
    class="content-placeholder-results"
  >
    <h1>
      Reset User Password
    </h1>
    <div>
      <label>
        Enter Account Email: 
        <input
          id="emailInput"
          onChange={[Function]}
          type="email"
        />
      </label>
      <br />
      <br />
      <label>
        Enter New Password (minimum of 7 characters): 
        <input
          id="passwordInput"
          onChange={[Function]}
          type="password"
        />
      </label>
      <br />
      <br />
      <label>
        Confirm New Password: 
        <input
          id="confirmInput"
          onChange={[Function]}
          type="password"
        />
      </label>
    </div>
    <div>
      <button
        className="action-button"
        onClick={[Function]}
        style={
          {
            "marginTop": "16px",
          }
        }
      >
        Reset Password
      </button>
    </div>
  </div>
</div>
`;
