// Jest Snapshot v1, https://goo.gl/fbAQLP

exports[`<ForgotPassword> should render component 1`] = `
<div>
  <div
    className="main-content"
  >
    <div
      className="main-top"
      style={
        {
          "height": "100px",
          "marginBottom": "20px",
          "width": "100%",
        }
      }
    >
      <div
        className="header-about"
      >
        Forgot Password
      </div>
    </div>
    <div
      className="references-container"
    >
      <p>
        Email an administrator, and the administrator can reset your password.
      </p>
      <p>
        Make sure to contact the administrator with the email for which the password will be reset
      </p>
      <p>
        An administrator to contact is
         
        <a
          href="mailto:saba-ali@uiowa.edu"
        >
          saba-ali@uiowa.edu
        </a>
      </p>
    </div>
  </div>
</div>
`;
