// Jest Snapshot v1, https://goo.gl/fbAQLP

exports[`<NavBar> should render component 1`] = `
<nav
  className="navbar"
>
  <div
    className="navbar__container"
  >
    <div
      className="navbar__toggle"
      id="mobile-menu"
      onClick={[Function]}
    >
      <span
        className="bar"
      />
       
      <span
        class="bar"
      />
      <span
        className="bar"
      />
    </div>
    <ul
      className="navbar__menu"
    >
      <li
        className="navbar__item"
      />
      <li
        className="navbar__item"
      />
      <li
        className="navbar__item"
      />
      <li
        className="navbar__item"
      />
    </ul>
  </div>
</nav>
`;
